<?xml version="1.0"?>
<link_info>
   <banner>TI ARM Linker PC v5.1.8</banner>
   <copyright>Copyright (c) 1996-2014 Texas Instruments Incorporated</copyright>
   <link_time>0x5480b620</link_time>
   <link_errors>0x0</link_errors>
   <output_file>Integracion_V6.out</output_file>
   <entry_point>
      <name>_c_int00</name>
      <address>0x6bc5</address>
   </entry_point>
   <input_file_list>
      <input_file id="fl-2">
         <path>.\</path>
         <kind>object</kind>
         <file>Interface_Motores.obj</file>
         <name>Interface_Motores.obj</name>
      </input_file>
      <input_file id="fl-3">
         <path>.\</path>
         <kind>object</kind>
         <file>Motor.obj</file>
         <name>Motor.obj</name>
      </input_file>
      <input_file id="fl-4">
         <path>.\</path>
         <kind>object</kind>
         <file>Potenciometro.obj</file>
         <name>Potenciometro.obj</name>
      </input_file>
      <input_file id="fl-5">
         <path>.\</path>
         <kind>object</kind>
         <file>RTC.obj</file>
         <name>RTC.obj</name>
      </input_file>
      <input_file id="fl-6">
         <path>.\</path>
         <kind>object</kind>
         <file>main.obj</file>
         <name>main.obj</name>
      </input_file>
      <input_file id="fl-7">
         <path>.\</path>
         <kind>object</kind>
         <file>spa.obj</file>
         <name>spa.obj</name>
      </input_file>
      <input_file id="fl-8">
         <path>.\</path>
         <kind>object</kind>
         <file>spa_calculation.obj</file>
         <name>spa_calculation.obj</name>
      </input_file>
      <input_file id="fl-9">
         <path>.\</path>
         <kind>object</kind>
         <file>tm4c1294ncpdt_startup_ccs.obj</file>
         <name>tm4c1294ncpdt_startup_ccs.obj</name>
      </input_file>
      <input_file id="fl-e">
         <path>C:\ti\TivaWare_C_Series-2.1.0.12573\driverlib\ccs\Debug\</path>
         <kind>archive</kind>
         <file>driverlib.lib</file>
         <name>sysctl.obj</name>
      </input_file>
      <input_file id="fl-f">
         <path>C:\ti\TivaWare_C_Series-2.1.0.12573\driverlib\ccs\Debug\</path>
         <kind>archive</kind>
         <file>driverlib.lib</file>
         <name>interrupt.obj</name>
      </input_file>
      <input_file id="fl-10">
         <path>C:\ti\TivaWare_C_Series-2.1.0.12573\driverlib\ccs\Debug\</path>
         <kind>archive</kind>
         <file>driverlib.lib</file>
         <name>hibernate.obj</name>
      </input_file>
      <input_file id="fl-11">
         <path>C:\ti\TivaWare_C_Series-2.1.0.12573\driverlib\ccs\Debug\</path>
         <kind>archive</kind>
         <file>driverlib.lib</file>
         <name>gpio.obj</name>
      </input_file>
      <input_file id="fl-12">
         <path>C:\ti\TivaWare_C_Series-2.1.0.12573\driverlib\ccs\Debug\</path>
         <kind>archive</kind>
         <file>driverlib.lib</file>
         <name>eeprom.obj</name>
      </input_file>
      <input_file id="fl-13">
         <path>C:\ti\TivaWare_C_Series-2.1.0.12573\driverlib\ccs\Debug\</path>
         <kind>archive</kind>
         <file>driverlib.lib</file>
         <name>cpu.obj</name>
      </input_file>
      <input_file id="fl-14">
         <path>C:\ti\TivaWare_C_Series-2.1.0.12573\driverlib\ccs\Debug\</path>
         <kind>archive</kind>
         <file>driverlib.lib</file>
         <name>adc.obj</name>
      </input_file>
      <input_file id="fl-13e">
         <path>c:\ti\ccsv6\tools\compiler\arm_5.1.8\lib\</path>
         <kind>archive</kind>
         <file>rtsv7M4_T_le_v4SPD16_eabi.lib</file>
         <name>acos.obj</name>
      </input_file>
      <input_file id="fl-13f">
         <path>c:\ti\ccsv6\tools\compiler\arm_5.1.8\lib\</path>
         <kind>archive</kind>
         <file>rtsv7M4_T_le_v4SPD16_eabi.lib</file>
         <name>asin.obj</name>
      </input_file>
      <input_file id="fl-140">
         <path>c:\ti\ccsv6\tools\compiler\arm_5.1.8\lib\</path>
         <kind>archive</kind>
         <file>rtsv7M4_T_le_v4SPD16_eabi.lib</file>
         <name>atan.obj</name>
      </input_file>
      <input_file id="fl-141">
         <path>c:\ti\ccsv6\tools\compiler\arm_5.1.8\lib\</path>
         <kind>archive</kind>
         <file>rtsv7M4_T_le_v4SPD16_eabi.lib</file>
         <name>atan2.obj</name>
      </input_file>
      <input_file id="fl-142">
         <path>c:\ti\ccsv6\tools\compiler\arm_5.1.8\lib\</path>
         <kind>archive</kind>
         <file>rtsv7M4_T_le_v4SPD16_eabi.lib</file>
         <name>boot.obj</name>
      </input_file>
      <input_file id="fl-143">
         <path>c:\ti\ccsv6\tools\compiler\arm_5.1.8\lib\</path>
         <kind>archive</kind>
         <file>rtsv7M4_T_le_v4SPD16_eabi.lib</file>
         <name>copy_decompress_none.obj</name>
      </input_file>
      <input_file id="fl-144">
         <path>c:\ti\ccsv6\tools\compiler\arm_5.1.8\lib\</path>
         <kind>archive</kind>
         <file>rtsv7M4_T_le_v4SPD16_eabi.lib</file>
         <name>copy_decompress_rle.obj</name>
      </input_file>
      <input_file id="fl-145">
         <path>c:\ti\ccsv6\tools\compiler\arm_5.1.8\lib\</path>
         <kind>archive</kind>
         <file>rtsv7M4_T_le_v4SPD16_eabi.lib</file>
         <name>copy_zero_init.obj</name>
      </input_file>
      <input_file id="fl-146">
         <path>c:\ti\ccsv6\tools\compiler\arm_5.1.8\lib\</path>
         <kind>archive</kind>
         <file>rtsv7M4_T_le_v4SPD16_eabi.lib</file>
         <name>cos.obj</name>
      </input_file>
      <input_file id="fl-147">
         <path>c:\ti\ccsv6\tools\compiler\arm_5.1.8\lib\</path>
         <kind>archive</kind>
         <file>rtsv7M4_T_le_v4SPD16_eabi.lib</file>
         <name>exit.obj</name>
      </input_file>
      <input_file id="fl-148">
         <path>c:\ti\ccsv6\tools\compiler\arm_5.1.8\lib\</path>
         <kind>archive</kind>
         <file>rtsv7M4_T_le_v4SPD16_eabi.lib</file>
         <name>fd_add_t2.obj</name>
      </input_file>
      <input_file id="fl-149">
         <path>c:\ti\ccsv6\tools\compiler\arm_5.1.8\lib\</path>
         <kind>archive</kind>
         <file>rtsv7M4_T_le_v4SPD16_eabi.lib</file>
         <name>fd_cmp_t2.obj</name>
      </input_file>
      <input_file id="fl-14a">
         <path>c:\ti\ccsv6\tools\compiler\arm_5.1.8\lib\</path>
         <kind>archive</kind>
         <file>rtsv7M4_T_le_v4SPD16_eabi.lib</file>
         <name>fd_div_t2.obj</name>
      </input_file>
      <input_file id="fl-14b">
         <path>c:\ti\ccsv6\tools\compiler\arm_5.1.8\lib\</path>
         <kind>archive</kind>
         <file>rtsv7M4_T_le_v4SPD16_eabi.lib</file>
         <name>fd_mul_t2.obj</name>
      </input_file>
      <input_file id="fl-14c">
         <path>c:\ti\ccsv6\tools\compiler\arm_5.1.8\lib\</path>
         <kind>archive</kind>
         <file>rtsv7M4_T_le_v4SPD16_eabi.lib</file>
         <name>fd_toi_t2.obj</name>
      </input_file>
      <input_file id="fl-14d">
         <path>c:\ti\ccsv6\tools\compiler\arm_5.1.8\lib\</path>
         <kind>archive</kind>
         <file>rtsv7M4_T_le_v4SPD16_eabi.lib</file>
         <name>fd_tos_t2.obj</name>
      </input_file>
      <input_file id="fl-14e">
         <path>c:\ti\ccsv6\tools\compiler\arm_5.1.8\lib\</path>
         <kind>archive</kind>
         <file>rtsv7M4_T_le_v4SPD16_eabi.lib</file>
         <name>fd_tou_t2.obj</name>
      </input_file>
      <input_file id="fl-14f">
         <path>c:\ti\ccsv6\tools\compiler\arm_5.1.8\lib\</path>
         <kind>archive</kind>
         <file>rtsv7M4_T_le_v4SPD16_eabi.lib</file>
         <name>floor.obj</name>
      </input_file>
      <input_file id="fl-150">
         <path>c:\ti\ccsv6\tools\compiler\arm_5.1.8\lib\</path>
         <kind>archive</kind>
         <file>rtsv7M4_T_le_v4SPD16_eabi.lib</file>
         <name>fs_tod_t2.obj</name>
      </input_file>
      <input_file id="fl-151">
         <path>c:\ti\ccsv6\tools\compiler\arm_5.1.8\lib\</path>
         <kind>archive</kind>
         <file>rtsv7M4_T_le_v4SPD16_eabi.lib</file>
         <name>i_tofd_t2.obj</name>
      </input_file>
      <input_file id="fl-152">
         <path>c:\ti\ccsv6\tools\compiler\arm_5.1.8\lib\</path>
         <kind>archive</kind>
         <file>rtsv7M4_T_le_v4SPD16_eabi.lib</file>
         <name>localtim.obj</name>
      </input_file>
      <input_file id="fl-153">
         <path>c:\ti\ccsv6\tools\compiler\arm_5.1.8\lib\</path>
         <kind>archive</kind>
         <file>rtsv7M4_T_le_v4SPD16_eabi.lib</file>
         <name>memcpy_t2.obj</name>
      </input_file>
      <input_file id="fl-154">
         <path>c:\ti\ccsv6\tools\compiler\arm_5.1.8\lib\</path>
         <kind>archive</kind>
         <file>rtsv7M4_T_le_v4SPD16_eabi.lib</file>
         <name>mktime.obj</name>
      </input_file>
      <input_file id="fl-155">
         <path>c:\ti\ccsv6\tools\compiler\arm_5.1.8\lib\</path>
         <kind>archive</kind>
         <file>rtsv7M4_T_le_v4SPD16_eabi.lib</file>
         <name>pow.obj</name>
      </input_file>
      <input_file id="fl-156">
         <path>c:\ti\ccsv6\tools\compiler\arm_5.1.8\lib\</path>
         <kind>archive</kind>
         <file>rtsv7M4_T_le_v4SPD16_eabi.lib</file>
         <name>sin.obj</name>
      </input_file>
      <input_file id="fl-157">
         <path>c:\ti\ccsv6\tools\compiler\arm_5.1.8\lib\</path>
         <kind>archive</kind>
         <file>rtsv7M4_T_le_v4SPD16_eabi.lib</file>
         <name>sqrt.obj</name>
      </input_file>
      <input_file id="fl-158">
         <path>c:\ti\ccsv6\tools\compiler\arm_5.1.8\lib\</path>
         <kind>archive</kind>
         <file>rtsv7M4_T_le_v4SPD16_eabi.lib</file>
         <name>stkdepth_vars.obj</name>
      </input_file>
      <input_file id="fl-159">
         <path>c:\ti\ccsv6\tools\compiler\arm_5.1.8\lib\</path>
         <kind>archive</kind>
         <file>rtsv7M4_T_le_v4SPD16_eabi.lib</file>
         <name>tan.obj</name>
      </input_file>
      <input_file id="fl-15a">
         <path>c:\ti\ccsv6\tools\compiler\arm_5.1.8\lib\</path>
         <kind>archive</kind>
         <file>rtsv7M4_T_le_v4SPD16_eabi.lib</file>
         <name>tmzone.obj</name>
      </input_file>
      <input_file id="fl-15b">
         <path>c:\ti\ccsv6\tools\compiler\arm_5.1.8\lib\</path>
         <kind>archive</kind>
         <file>rtsv7M4_T_le_v4SPD16_eabi.lib</file>
         <name>u_divt2.obj</name>
      </input_file>
      <input_file id="fl-15c">
         <path>c:\ti\ccsv6\tools\compiler\arm_5.1.8\lib\</path>
         <kind>archive</kind>
         <file>rtsv7M4_T_le_v4SPD16_eabi.lib</file>
         <name>u_tofd_t2.obj</name>
      </input_file>
      <input_file id="fl-15d">
         <path>c:\ti\ccsv6\tools\compiler\arm_5.1.8\lib\</path>
         <kind>archive</kind>
         <file>rtsv7M4_T_le_v4SPD16_eabi.lib</file>
         <name>xatan.obj</name>
      </input_file>
      <input_file id="fl-15e">
         <path>c:\ti\ccsv6\tools\compiler\arm_5.1.8\lib\</path>
         <kind>archive</kind>
         <file>rtsv7M4_T_le_v4SPD16_eabi.lib</file>
         <name>xdint.obj</name>
      </input_file>
      <input_file id="fl-15f">
         <path>c:\ti\ccsv6\tools\compiler\arm_5.1.8\lib\</path>
         <kind>archive</kind>
         <file>rtsv7M4_T_le_v4SPD16_eabi.lib</file>
         <name>xdscale.obj</name>
      </input_file>
      <input_file id="fl-160">
         <path>c:\ti\ccsv6\tools\compiler\arm_5.1.8\lib\</path>
         <kind>archive</kind>
         <file>rtsv7M4_T_le_v4SPD16_eabi.lib</file>
         <name>xdtest.obj</name>
      </input_file>
      <input_file id="fl-161">
         <path>c:\ti\ccsv6\tools\compiler\arm_5.1.8\lib\</path>
         <kind>archive</kind>
         <file>rtsv7M4_T_le_v4SPD16_eabi.lib</file>
         <name>xdunscal.obj</name>
      </input_file>
      <input_file id="fl-162">
         <path>c:\ti\ccsv6\tools\compiler\arm_5.1.8\lib\</path>
         <kind>archive</kind>
         <file>rtsv7M4_T_le_v4SPD16_eabi.lib</file>
         <name>xexp.obj</name>
      </input_file>
      <input_file id="fl-163">
         <path>c:\ti\ccsv6\tools\compiler\arm_5.1.8\lib\</path>
         <kind>archive</kind>
         <file>rtsv7M4_T_le_v4SPD16_eabi.lib</file>
         <name>xferaise.obj</name>
      </input_file>
      <input_file id="fl-164">
         <path>c:\ti\ccsv6\tools\compiler\arm_5.1.8\lib\</path>
         <kind>archive</kind>
         <file>rtsv7M4_T_le_v4SPD16_eabi.lib</file>
         <name>xsin.obj</name>
      </input_file>
      <input_file id="fl-165">
         <path>c:\ti\ccsv6\tools\compiler\arm_5.1.8\lib\</path>
         <kind>archive</kind>
         <file>rtsv7M4_T_le_v4SPD16_eabi.lib</file>
         <name>xvalues.obj</name>
      </input_file>
      <input_file id="fl-166">
         <path>c:\ti\ccsv6\tools\compiler\arm_5.1.8\lib\</path>
         <kind>archive</kind>
         <file>rtsv7M4_T_le_v4SPD16_eabi.lib</file>
         <name>_lock.obj</name>
      </input_file>
      <input_file id="fl-167">
         <path>c:\ti\ccsv6\tools\compiler\arm_5.1.8\lib\</path>
         <kind>archive</kind>
         <file>rtsv7M4_T_le_v4SPD16_eabi.lib</file>
         <name>args_main.obj</name>
      </input_file>
      <input_file id="fl-168">
         <path>c:\ti\ccsv6\tools\compiler\arm_5.1.8\lib\</path>
         <kind>archive</kind>
         <file>rtsv7M4_T_le_v4SPD16_eabi.lib</file>
         <name>auto_init.obj</name>
      </input_file>
      <input_file id="fl-169">
         <path>c:\ti\ccsv6\tools\compiler\arm_5.1.8\lib\</path>
         <kind>archive</kind>
         <file>rtsv7M4_T_le_v4SPD16_eabi.lib</file>
         <name>cpy_tbl.obj</name>
      </input_file>
      <input_file id="fl-16a">
         <path>c:\ti\ccsv6\tools\compiler\arm_5.1.8\lib\</path>
         <kind>archive</kind>
         <file>rtsv7M4_T_le_v4SPD16_eabi.lib</file>
         <name>errno.obj</name>
      </input_file>
      <input_file id="fl-16b">
         <path>c:\ti\ccsv6\tools\compiler\arm_5.1.8\lib\</path>
         <kind>archive</kind>
         <file>rtsv7M4_T_le_v4SPD16_eabi.lib</file>
         <name>feraiseexcept.obj</name>
      </input_file>
      <input_file id="fl-16c">
         <path>c:\ti\ccsv6\tools\compiler\arm_5.1.8\lib\</path>
         <kind>archive</kind>
         <file>rtsv7M4_T_le_v4SPD16_eabi.lib</file>
         <name>fmod.obj</name>
      </input_file>
      <input_file id="fl-16d">
         <path>c:\ti\ccsv6\tools\compiler\arm_5.1.8\lib\</path>
         <kind>archive</kind>
         <file>rtsv7M4_T_le_v4SPD16_eabi.lib</file>
         <name>log.obj</name>
      </input_file>
      <input_file id="fl-16e">
         <path>c:\ti\ccsv6\tools\compiler\arm_5.1.8\lib\</path>
         <kind>archive</kind>
         <file>rtsv7M4_T_le_v4SPD16_eabi.lib</file>
         <name>raise.obj</name>
      </input_file>
      <input_file id="fl-16f">
         <path>c:\ti\ccsv6\tools\compiler\arm_5.1.8\lib\</path>
         <kind>archive</kind>
         <file>rtsv7M4_T_le_v4SPD16_eabi.lib</file>
         <name>signal.obj</name>
      </input_file>
      <input_file id="fl-170">
         <path>c:\ti\ccsv6\tools\compiler\arm_5.1.8\lib\</path>
         <kind>archive</kind>
         <file>rtsv7M4_T_le_v4SPD16_eabi.lib</file>
         <name>xdnorm.obj</name>
      </input_file>
      <input_file id="fl-171">
         <path>c:\ti\ccsv6\tools\compiler\arm_5.1.8\lib\</path>
         <kind>archive</kind>
         <file>rtsv7M4_T_le_v4SPD16_eabi.lib</file>
         <name>xlog.obj</name>
      </input_file>
      <input_file id="fl-172">
         <path>c:\ti\ccsv6\tools\compiler\arm_5.1.8\lib\</path>
         <kind>archive</kind>
         <file>rtsv7M4_T_le_v4SPD16_eabi.lib</file>
         <name>xfvalues.obj</name>
      </input_file>
   </input_file_list>
   <object_component_list>
      <object_component id="oc-e">
         <name>.intvecs</name>
         <load_address>0x0</load_address>
         <run_address>0x0</run_address>
         <size>0x208</size>
         <input_file_ref idref="fl-9"/>
      </object_component>
      <object_component id="oc-203">
         <name>.text</name>
         <load_address>0x208</load_address>
         <run_address>0x208</run_address>
         <size>0x2eb4</size>
         <input_file_ref idref="fl-7"/>
      </object_component>
      <object_component id="oc-ae">
         <name>.text</name>
         <load_address>0x30bc</load_address>
         <run_address>0x30bc</run_address>
         <size>0x69c</size>
         <input_file_ref idref="fl-2"/>
      </object_component>
      <object_component id="oc-2ed">
         <name>.text</name>
         <load_address>0x3758</load_address>
         <run_address>0x3758</run_address>
         <size>0x4a8</size>
         <input_file_ref idref="fl-155"/>
      </object_component>
      <object_component id="oc-a8">
         <name>.text</name>
         <load_address>0x3c00</load_address>
         <run_address>0x3c00</run_address>
         <size>0x31c</size>
         <input_file_ref idref="fl-5"/>
      </object_component>
      <object_component id="oc-3fd">
         <name>.text</name>
         <load_address>0x3f1c</load_address>
         <run_address>0x3f1c</run_address>
         <size>0x2ec</size>
         <input_file_ref idref="fl-171"/>
      </object_component>
      <object_component id="oc-12f">
         <name>.text</name>
         <load_address>0x4208</load_address>
         <run_address>0x4208</run_address>
         <size>0x2a8</size>
         <input_file_ref idref="fl-154"/>
      </object_component>
      <object_component id="oc-335">
         <name>.text</name>
         <load_address>0x44b0</load_address>
         <run_address>0x44b0</run_address>
         <size>0x2a8</size>
         <input_file_ref idref="fl-164"/>
      </object_component>
      <object_component id="oc-13b">
         <name>.text</name>
         <load_address>0x4758</load_address>
         <run_address>0x4758</run_address>
         <size>0x294</size>
         <input_file_ref idref="fl-8"/>
      </object_component>
      <object_component id="oc-20e">
         <name>.text</name>
         <load_address>0x49ec</load_address>
         <run_address>0x49ec</run_address>
         <size>0x24c</size>
         <input_file_ref idref="fl-159"/>
      </object_component>
      <object_component id="oc-a2">
         <name>.text:SysCtlClockFreqSet</name>
         <load_address>0x4c38</load_address>
         <run_address>0x4c38</run_address>
         <size>0x1fc</size>
         <input_file_ref idref="fl-e"/>
      </object_component>
      <object_component id="oc-396">
         <name>.text</name>
         <load_address>0x4e34</load_address>
         <run_address>0x4e34</run_address>
         <size>0x1fc</size>
         <input_file_ref idref="fl-162"/>
      </object_component>
      <object_component id="oc-178">
         <name>.text</name>
         <load_address>0x5030</load_address>
         <run_address>0x5030</run_address>
         <size>0x1e4</size>
         <input_file_ref idref="fl-3"/>
      </object_component>
      <object_component id="oc-209">
         <name>.text</name>
         <load_address>0x5214</load_address>
         <run_address>0x5214</run_address>
         <size>0x1b6</size>
         <input_file_ref idref="fl-148"/>
      </object_component>
      <object_component id="oc-33d">
         <name>.text</name>
         <load_address>0x53cc</load_address>
         <run_address>0x53cc</run_address>
         <size>0x18c</size>
         <input_file_ref idref="fl-15d"/>
      </object_component>
      <object_component id="oc-326">
         <name>.text</name>
         <load_address>0x5558</load_address>
         <run_address>0x5558</run_address>
         <size>0x16c</size>
         <input_file_ref idref="fl-16c"/>
      </object_component>
      <object_component id="oc-3ac">
         <name>.text</name>
         <load_address>0x56c4</load_address>
         <run_address>0x56c4</run_address>
         <size>0x148</size>
         <input_file_ref idref="fl-157"/>
      </object_component>
      <object_component id="oc-2d2">
         <name>.text</name>
         <load_address>0x580c</load_address>
         <run_address>0x580c</run_address>
         <size>0x136</size>
         <input_file_ref idref="fl-14a"/>
      </object_component>
      <object_component id="oc-2a3">
         <name>.text:GPIOPadConfigSet</name>
         <load_address>0x5942</load_address>
         <run_address>0x5942</run_address>
         <size>0x130</size>
         <input_file_ref idref="fl-11"/>
      </object_component>
      <object_component id="oc-30b">
         <name>.text</name>
         <load_address>0x5a74</load_address>
         <run_address>0x5a74</run_address>
         <size>0x11c</size>
         <input_file_ref idref="fl-13f"/>
      </object_component>
      <object_component id="oc-fe">
         <name>.text:SysCtlClockGet</name>
         <load_address>0x5b90</load_address>
         <run_address>0x5b90</run_address>
         <size>0x118</size>
         <input_file_ref idref="fl-e"/>
      </object_component>
      <object_component id="oc-311">
         <name>.text</name>
         <load_address>0x5ca8</load_address>
         <run_address>0x5ca8</run_address>
         <size>0x118</size>
         <input_file_ref idref="fl-13e"/>
      </object_component>
      <object_component id="oc-305">
         <name>.text</name>
         <load_address>0x5dc0</load_address>
         <run_address>0x5dc0</run_address>
         <size>0x118</size>
         <input_file_ref idref="fl-141"/>
      </object_component>
      <object_component id="oc-3ca">
         <name>.text</name>
         <load_address>0x5ed8</load_address>
         <run_address>0x5ed8</run_address>
         <size>0x110</size>
         <input_file_ref idref="fl-15f"/>
      </object_component>
      <object_component id="oc-192">
         <name>.text</name>
         <load_address>0x5fe8</load_address>
         <run_address>0x5fe8</run_address>
         <size>0xfc</size>
         <input_file_ref idref="fl-14b"/>
      </object_component>
      <object_component id="oc-184">
         <name>.text:EEPROMProgram</name>
         <load_address>0x60e4</load_address>
         <run_address>0x60e4</run_address>
         <size>0xc4</size>
         <input_file_ref idref="fl-12"/>
      </object_component>
      <object_component id="oc-38a">
         <name>.text</name>
         <load_address>0x61a8</load_address>
         <run_address>0x61a8</run_address>
         <size>0xc4</size>
         <input_file_ref idref="fl-15e"/>
      </object_component>
      <object_component id="oc-3c4">
         <name>.text</name>
         <load_address>0x626c</load_address>
         <run_address>0x626c</run_address>
         <size>0xc4</size>
         <input_file_ref idref="fl-170"/>
      </object_component>
      <object_component id="oc-2d7">
         <name>.text</name>
         <load_address>0x6330</load_address>
         <run_address>0x6330</run_address>
         <size>0xc0</size>
         <input_file_ref idref="fl-14f"/>
      </object_component>
      <object_component id="oc-225">
         <name>.text:_HibernateCalendarSet</name>
         <load_address>0x63f0</load_address>
         <run_address>0x63f0</run_address>
         <size>0xbc</size>
         <input_file_ref idref="fl-10"/>
      </object_component>
      <object_component id="oc-21a">
         <name>.text</name>
         <load_address>0x64ac</load_address>
         <run_address>0x64ac</run_address>
         <size>0xbc</size>
         <input_file_ref idref="fl-140"/>
      </object_component>
      <object_component id="oc-17e">
         <name>.text</name>
         <load_address>0x6568</load_address>
         <run_address>0x6568</run_address>
         <size>0xa4</size>
         <input_file_ref idref="fl-4"/>
      </object_component>
      <object_component id="oc-47">
         <name>.text</name>
         <load_address>0x660c</load_address>
         <run_address>0x660c</run_address>
         <size>0x9c</size>
         <input_file_ref idref="fl-153"/>
      </object_component>
      <object_component id="oc-32">
         <name>.text</name>
         <load_address>0x66a8</load_address>
         <run_address>0x66a8</run_address>
         <size>0x94</size>
         <input_file_ref idref="fl-168"/>
      </object_component>
      <object_component id="oc-2dd">
         <name>.text:__aeabi_cdcmple</name>
         <load_address>0x673c</load_address>
         <run_address>0x673c</run_address>
         <size>0x86</size>
         <input_file_ref idref="fl-149"/>
      </object_component>
      <object_component id="oc-2e2">
         <name>.text:__aeabi_cdrcmple</name>
         <load_address>0x67c2</load_address>
         <run_address>0x67c2</run_address>
         <size>0x86</size>
         <input_file_ref idref="fl-149"/>
      </object_component>
      <object_component id="oc-25d">
         <name>.text:ADCSequenceStepConfigure</name>
         <load_address>0x6848</load_address>
         <run_address>0x6848</run_address>
         <size>0x80</size>
         <input_file_ref idref="fl-14"/>
      </object_component>
      <object_component id="oc-129">
         <name>.text:HibernateCalendarGet</name>
         <load_address>0x68c8</load_address>
         <run_address>0x68c8</run_address>
         <size>0x68</size>
         <input_file_ref idref="fl-10"/>
      </object_component>
      <object_component id="oc-384">
         <name>.text</name>
         <load_address>0x6930</load_address>
         <run_address>0x6930</run_address>
         <size>0x64</size>
         <input_file_ref idref="fl-161"/>
      </object_component>
      <object_component id="oc-23b">
         <name>.text:IntEnable</name>
         <load_address>0x6994</load_address>
         <run_address>0x6994</run_address>
         <size>0x60</size>
         <input_file_ref idref="fl-f"/>
      </object_component>
      <object_component id="oc-5a">
         <name>.text</name>
         <load_address>0x69f4</load_address>
         <run_address>0x69f4</run_address>
         <size>0x5e</size>
         <input_file_ref idref="fl-144"/>
      </object_component>
      <object_component id="oc-135">
         <name>.text</name>
         <load_address>0x6a54</load_address>
         <run_address>0x6a54</run_address>
         <size>0x4c</size>
         <input_file_ref idref="fl-152"/>
      </object_component>
      <object_component id="oc-197">
         <name>.text</name>
         <load_address>0x6aa0</load_address>
         <run_address>0x6aa0</run_address>
         <size>0x4a</size>
         <input_file_ref idref="fl-14d"/>
      </object_component>
      <object_component id="oc-1a8">
         <name>.text:GPIOPinConfigure</name>
         <load_address>0x6aec</load_address>
         <run_address>0x6aec</run_address>
         <size>0x48</size>
         <input_file_ref idref="fl-11"/>
      </object_component>
      <object_component id="oc-105">
         <name>.text:HibernateClockConfig</name>
         <load_address>0x6b34</load_address>
         <run_address>0x6b34</run_address>
         <size>0x48</size>
         <input_file_ref idref="fl-10"/>
      </object_component>
      <object_component id="oc-d7">
         <name>.text:_SysCtlFrequencyGet</name>
         <load_address>0x6b7c</load_address>
         <run_address>0x6b7c</run_address>
         <size>0x48</size>
         <input_file_ref idref="fl-e"/>
      </object_component>
      <object_component id="oc-11">
         <name>.text</name>
         <load_address>0x6bc4</load_address>
         <run_address>0x6bc4</run_address>
         <size>0x48</size>
         <input_file_ref idref="fl-142"/>
      </object_component>
      <object_component id="oc-2cd">
         <name>.text</name>
         <load_address>0x6c0c</load_address>
         <run_address>0x6c0c</run_address>
         <size>0x48</size>
         <input_file_ref idref="fl-14c"/>
      </object_component>
      <object_component id="oc-74">
         <name>.text</name>
         <load_address>0x6c54</load_address>
         <run_address>0x6c54</run_address>
         <size>0x44</size>
         <input_file_ref idref="fl-169"/>
      </object_component>
      <object_component id="oc-3d">
         <name>.text</name>
         <load_address>0x6c98</load_address>
         <run_address>0x6c98</run_address>
         <size>0x44</size>
         <input_file_ref idref="fl-147"/>
      </object_component>
      <object_component id="oc-24d">
         <name>.text</name>
         <load_address>0x6cdc</load_address>
         <run_address>0x6cdc</run_address>
         <size>0x44</size>
         <input_file_ref idref="fl-14e"/>
      </object_component>
      <object_component id="oc-31a">
         <name>.text</name>
         <load_address>0x6d20</load_address>
         <run_address>0x6d20</run_address>
         <size>0x44</size>
         <input_file_ref idref="fl-160"/>
      </object_component>
      <object_component id="oc-1e1">
         <name>.text</name>
         <load_address>0x6d64</load_address>
         <run_address>0x6d64</run_address>
         <size>0x42</size>
         <input_file_ref idref="fl-15b"/>
      </object_component>
      <object_component id="oc-442">
         <name>.text</name>
         <load_address>0x6da8</load_address>
         <run_address>0x6da8</run_address>
         <size>0x40</size>
         <input_file_ref idref="fl-16f"/>
      </object_component>
      <object_component id="oc-257">
         <name>.text:ADCSequenceConfigure</name>
         <load_address>0x6de8</load_address>
         <run_address>0x6de8</run_address>
         <size>0x3e</size>
         <input_file_ref idref="fl-14"/>
      </object_component>
      <object_component id="oc-28f">
         <name>.text:_EEPROMSectorMaskSet</name>
         <load_address>0x6e28</load_address>
         <run_address>0x6e28</run_address>
         <size>0x3c</size>
         <input_file_ref idref="fl-12"/>
      </object_component>
      <object_component id="oc-1fe">
         <name>.text</name>
         <load_address>0x6e64</load_address>
         <run_address>0x6e64</run_address>
         <size>0x38</size>
         <input_file_ref idref="fl-150"/>
      </object_component>
      <object_component id="oc-1b4">
         <name>.text:EEPROMRead</name>
         <load_address>0x6e9c</load_address>
         <run_address>0x6e9c</run_address>
         <size>0x34</size>
         <input_file_ref idref="fl-12"/>
      </object_component>
      <object_component id="oc-235">
         <name>.text:IntRegister</name>
         <load_address>0x6ed0</load_address>
         <run_address>0x6ed0</run_address>
         <size>0x34</size>
         <input_file_ref idref="fl-f"/>
      </object_component>
      <object_component id="oc-f2">
         <name>.text:SysCtlPeripheralEnable</name>
         <load_address>0x6f04</load_address>
         <run_address>0x6f04</run_address>
         <size>0x34</size>
         <input_file_ref idref="fl-e"/>
      </object_component>
      <object_component id="oc-289">
         <name>.text:_EEPROMSectorMaskClear</name>
         <load_address>0x6f38</load_address>
         <run_address>0x6f38</run_address>
         <size>0x34</size>
         <input_file_ref idref="fl-12"/>
      </object_component>
      <object_component id="oc-3ba">
         <name>.text</name>
         <load_address>0x6f6c</load_address>
         <run_address>0x6f6c</run_address>
         <size>0x34</size>
         <input_file_ref idref="fl-16b"/>
      </object_component>
      <object_component id="oc-320">
         <name>.text</name>
         <load_address>0x6fa0</load_address>
         <run_address>0x6fa0</run_address>
         <size>0x30</size>
         <input_file_ref idref="fl-163"/>
      </object_component>
      <object_component id="oc-27b">
         <name>.text:ADCIntStatus</name>
         <load_address>0x6fd0</load_address>
         <run_address>0x6fd0</run_address>
         <size>0x2e</size>
         <input_file_ref idref="fl-14"/>
      </object_component>
      <object_component id="oc-18d">
         <name>.text</name>
         <load_address>0x6ffe</load_address>
         <run_address>0x6ffe</run_address>
         <size>0x2e</size>
         <input_file_ref idref="fl-151"/>
      </object_component>
      <object_component id="oc-416">
         <name>.text</name>
         <load_address>0x702c</load_address>
         <run_address>0x702c</run_address>
         <size>0x2e</size>
         <input_file_ref idref="fl-16e"/>
      </object_component>
      <object_component id="oc-111">
         <name>.text:HibernateRTCSet</name>
         <load_address>0x705c</load_address>
         <run_address>0x705c</run_address>
         <size>0x2c</size>
         <input_file_ref idref="fl-10"/>
      </object_component>
      <object_component id="oc-29d">
         <name>.text:GPIODirModeSet</name>
         <load_address>0x7088</load_address>
         <run_address>0x7088</run_address>
         <size>0x2a</size>
         <input_file_ref idref="fl-11"/>
      </object_component>
      <object_component id="oc-7b">
         <name>.text</name>
         <load_address>0x70b4</load_address>
         <run_address>0x70b4</run_address>
         <size>0x28</size>
         <input_file_ref idref="fl-6"/>
      </object_component>
      <object_component id="oc-22f">
         <name>.text:_HibernateIntNumberGet</name>
         <load_address>0x70dc</load_address>
         <run_address>0x70dc</run_address>
         <size>0x20</size>
         <input_file_ref idref="fl-10"/>
      </object_component>
      <object_component id="oc-248">
         <name>.text</name>
         <load_address>0x70fc</load_address>
         <run_address>0x70fc</run_address>
         <size>0x20</size>
         <input_file_ref idref="fl-15c"/>
      </object_component>
      <object_component id="oc-281">
         <name>.text:ADCSequenceDataGet</name>
         <load_address>0x711c</load_address>
         <run_address>0x711c</run_address>
         <size>0x1e</size>
         <input_file_ref idref="fl-14"/>
      </object_component>
      <object_component id="oc-d1">
         <name>.text:_SysCtlMemTimingGet</name>
         <load_address>0x713c</load_address>
         <run_address>0x713c</run_address>
         <size>0x1c</size>
         <input_file_ref idref="fl-e"/>
      </object_component>
      <object_component id="oc-2e7">
         <name>.text</name>
         <load_address>0x7158</load_address>
         <run_address>0x7158</run_address>
         <size>0x1a</size>
         <input_file_ref idref="fl-146"/>
      </object_component>
      <object_component id="oc-390">
         <name>.text</name>
         <load_address>0x7172</load_address>
         <run_address>0x7172</run_address>
         <size>0x1a</size>
         <input_file_ref idref="fl-16d"/>
      </object_component>
      <object_component id="oc-214">
         <name>.text</name>
         <load_address>0x718c</load_address>
         <run_address>0x718c</run_address>
         <size>0x1a</size>
         <input_file_ref idref="fl-156"/>
      </object_component>
      <object_component id="oc-1a2">
         <name>.text:GPIOPinTypeGPIOOutput</name>
         <load_address>0x71a6</load_address>
         <run_address>0x71a6</run_address>
         <size>0x18</size>
         <input_file_ref idref="fl-11"/>
      </object_component>
      <object_component id="oc-159">
         <name>.text:HibernateIntRegister</name>
         <load_address>0x71be</load_address>
         <run_address>0x71be</run_address>
         <size>0x18</size>
         <input_file_ref idref="fl-10"/>
      </object_component>
      <object_component id="oc-117">
         <name>.text:HibernateIntStatus</name>
         <load_address>0x71d8</load_address>
         <run_address>0x71d8</run_address>
         <size>0x18</size>
         <input_file_ref idref="fl-10"/>
      </object_component>
      <object_component id="oc-37">
         <name>.text</name>
         <load_address>0x71f0</load_address>
         <run_address>0x71f0</run_address>
         <size>0x18</size>
         <input_file_ref idref="fl-167"/>
      </object_component>
      <object_component id="oc-275">
         <name>.text:ADCProcessorTrigger</name>
         <load_address>0x7208</load_address>
         <run_address>0x7208</run_address>
         <size>0x16</size>
         <input_file_ref idref="fl-14"/>
      </object_component>
      <object_component id="oc-f8">
         <name>.text:HibernateEnableExpClk</name>
         <load_address>0x7220</load_address>
         <run_address>0x7220</run_address>
         <size>0x14</size>
         <input_file_ref idref="fl-10"/>
      </object_component>
      <object_component id="oc-123">
         <name>.text:HibernateIntClear</name>
         <load_address>0x7234</load_address>
         <run_address>0x7234</run_address>
         <size>0x14</size>
         <input_file_ref idref="fl-10"/>
      </object_component>
      <object_component id="oc-11d">
         <name>.text:HibernateIntDisable</name>
         <load_address>0x7248</load_address>
         <run_address>0x7248</run_address>
         <size>0x14</size>
         <input_file_ref idref="fl-10"/>
      </object_component>
      <object_component id="oc-147">
         <name>.text:HibernateIntEnable</name>
         <load_address>0x725c</load_address>
         <run_address>0x725c</run_address>
         <size>0x14</size>
         <input_file_ref idref="fl-10"/>
      </object_component>
      <object_component id="oc-10b">
         <name>.text:HibernateRTCEnable</name>
         <load_address>0x7270</load_address>
         <run_address>0x7270</run_address>
         <size>0x14</size>
         <input_file_ref idref="fl-10"/>
      </object_component>
      <object_component id="oc-bc">
         <name>.text</name>
         <load_address>0x7284</load_address>
         <run_address>0x7284</run_address>
         <size>0x14</size>
         <input_file_ref idref="fl-166"/>
      </object_component>
      <object_component id="oc-263">
         <name>.text:ADCHardwareOversampleConfigure</name>
         <load_address>0x7298</load_address>
         <run_address>0x7298</run_address>
         <size>0x12</size>
         <input_file_ref idref="fl-14"/>
      </object_component>
      <object_component id="oc-19c">
         <name>.text:GPIOPinTypeADC</name>
         <load_address>0x72aa</load_address>
         <run_address>0x72aa</run_address>
         <size>0x12</size>
         <input_file_ref idref="fl-11"/>
      </object_component>
      <object_component id="oc-1ae">
         <name>.text:GPIOPinTypeUART</name>
         <load_address>0x72bc</load_address>
         <run_address>0x72bc</run_address>
         <size>0x12</size>
         <input_file_ref idref="fl-11"/>
      </object_component>
      <object_component id="oc-1c">
         <name>.text:decompress:ZI</name>
         <load_address>0x72ce</load_address>
         <run_address>0x72ce</run_address>
         <size>0x12</size>
         <input_file_ref idref="fl-145"/>
      </object_component>
      <object_component id="oc-153">
         <name>.text:HibernateCalendarSet</name>
         <load_address>0x72e0</load_address>
         <run_address>0x72e0</run_address>
         <size>0x10</size>
         <input_file_ref idref="fl-10"/>
      </object_component>
      <object_component id="oc-1d1">
         <name>.text:_HibernateWriteComplete</name>
         <load_address>0x72f0</load_address>
         <run_address>0x72f0</run_address>
         <size>0x10</size>
         <input_file_ref idref="fl-10"/>
      </object_component>
      <object_component id="oc-269">
         <name>.text:ADCSequenceEnable</name>
         <load_address>0x7300</load_address>
         <run_address>0x7300</run_address>
         <size>0xe</size>
         <input_file_ref idref="fl-14"/>
      </object_component>
      <object_component id="oc-16">
         <name>.text:decompress:none</name>
         <load_address>0x730e</load_address>
         <run_address>0x730e</run_address>
         <size>0xe</size>
         <input_file_ref idref="fl-143"/>
      </object_component>
      <object_component id="oc-141">
         <name>.text:HibernateCalendarMatchSet</name>
         <load_address>0x731c</load_address>
         <run_address>0x731c</run_address>
         <size>0xc</size>
         <input_file_ref idref="fl-10"/>
      </object_component>
      <object_component id="oc-14d">
         <name>.text:HibernateCounterMode</name>
         <load_address>0x7328</load_address>
         <run_address>0x7328</run_address>
         <size>0xc</size>
         <input_file_ref idref="fl-10"/>
      </object_component>
      <object_component id="oc-29">
         <name>.text</name>
         <load_address>0x7334</load_address>
         <run_address>0x7334</run_address>
         <size>0xc</size>
         <input_file_ref idref="fl-9"/>
      </object_component>
      <object_component id="oc-26f">
         <name>.text:ADCIntClear</name>
         <load_address>0x7340</load_address>
         <run_address>0x7340</run_address>
         <size>0xa</size>
         <input_file_ref idref="fl-14"/>
      </object_component>
      <object_component id="oc-104">
         <name>.text:SysCtlDelay</name>
         <load_address>0x734a</load_address>
         <run_address>0x734a</run_address>
         <size>0x6</size>
         <input_file_ref idref="fl-e"/>
      </object_component>
      <object_component id="oc-22">
         <name>.text:decompress:rle24</name>
         <load_address>0x7350</load_address>
         <run_address>0x7350</run_address>
         <size>0x6</size>
         <input_file_ref idref="fl-144"/>
      </object_component>
      <object_component id="oc-2f3">
         <name>.const:L_TERMS</name>
         <load_address>0x7358</load_address>
         <run_address>0x7358</run_address>
         <size>0x2400</size>
         <input_file_ref idref="fl-7"/>
      </object_component>
      <object_component id="oc-2fc">
         <name>.const:R_TERMS</name>
         <load_address>0x9758</load_address>
         <run_address>0x9758</run_address>
         <size>0x12c0</size>
         <input_file_ref idref="fl-7"/>
      </object_component>
      <object_component id="oc-302">
         <name>.const:PE_TERMS</name>
         <load_address>0xaa18</load_address>
         <run_address>0xaa18</run_address>
         <size>0x7e0</size>
         <input_file_ref idref="fl-7"/>
      </object_component>
      <object_component id="oc-2ff">
         <name>.const:Y_TERMS</name>
         <load_address>0xb1f8</load_address>
         <run_address>0xb1f8</run_address>
         <size>0x4ec</size>
         <input_file_ref idref="fl-7"/>
      </object_component>
      <object_component id="oc-e0">
         <name>.const:g_pppui32XTALtoVCO</name>
         <load_address>0xb6e4</load_address>
         <run_address>0xb6e4</run_address>
         <size>0x120</size>
         <input_file_ref idref="fl-e"/>
      </object_component>
      <object_component id="oc-2f9">
         <name>.const:B_TERMS</name>
         <load_address>0xb808</load_address>
         <run_address>0xb808</run_address>
         <size>0xf0</size>
         <input_file_ref idref="fl-7"/>
      </object_component>
      <object_component id="oc-2ab">
         <name>.const:g_pui32GPIOBaseAddrs</name>
         <load_address>0xb8f8</load_address>
         <run_address>0xb8f8</run_address>
         <size>0x90</size>
         <input_file_ref idref="fl-11"/>
      </object_component>
      <object_component id="oc-3e3">
         <name>.const</name>
         <load_address>0xb988</load_address>
         <run_address>0xb988</run_address>
         <size>0x88</size>
         <input_file_ref idref="fl-15d"/>
      </object_component>
      <object_component id="oc-3dd">
         <name>.const</name>
         <load_address>0xba10</load_address>
         <run_address>0xba10</run_address>
         <size>0x80</size>
         <input_file_ref idref="fl-164"/>
      </object_component>
      <object_component id="oc-355">
         <name>.const</name>
         <load_address>0xba90</load_address>
         <run_address>0xba90</run_address>
         <size>0x70</size>
         <input_file_ref idref="fl-f"/>
      </object_component>
      <object_component id="oc-dd">
         <name>.const:g_pui32Xtals</name>
         <load_address>0xbb00</load_address>
         <run_address>0xbb00</run_address>
         <size>0x6c</size>
         <input_file_ref idref="fl-e"/>
      </object_component>
      <object_component id="oc-1e6">
         <name>.const</name>
         <load_address>0xbb6c</load_address>
         <run_address>0xbb6c</run_address>
         <size>0x60</size>
         <input_file_ref idref="fl-154"/>
      </object_component>
      <object_component id="oc-32f">
         <name>.const</name>
         <load_address>0xbbd0</load_address>
         <run_address>0xbbd0</run_address>
         <size>0x50</size>
         <input_file_ref idref="fl-159"/>
      </object_component>
      <object_component id="oc-405">
         <name>.const</name>
         <load_address>0xbc20</load_address>
         <run_address>0xbc20</run_address>
         <size>0x48</size>
         <input_file_ref idref="fl-162"/>
      </object_component>
      <object_component id="oc-437">
         <name>.const:p</name>
         <load_address>0xbc68</load_address>
         <run_address>0xbc68</run_address>
         <size>0x38</size>
         <input_file_ref idref="fl-171"/>
      </object_component>
      <object_component id="oc-2f6">
         <name>.const</name>
         <load_address>0xbca0</load_address>
         <run_address>0xbca0</run_address>
         <size>0x34</size>
         <input_file_ref idref="fl-7"/>
      </object_component>
      <object_component id="oc-1be">
         <name>.const:g_sXTALtoMEMTIM</name>
         <load_address>0xbcd4</load_address>
         <run_address>0xbcd4</run_address>
         <size>0x30</size>
         <input_file_ref idref="fl-e"/>
      </object_component>
      <object_component id="oc-3f9">
         <name>.const</name>
         <load_address>0xbd04</load_address>
         <run_address>0xbd04</run_address>
         <size>0x30</size>
         <input_file_ref idref="fl-15e"/>
      </object_component>
      <object_component id="oc-220">
         <name>.const</name>
         <load_address>0xbd34</load_address>
         <run_address>0xbd34</run_address>
         <size>0x14</size>
         <input_file_ref idref="fl-8"/>
      </object_component>
      <object_component id="oc-e3">
         <name>.const</name>
         <load_address>0xbd48</load_address>
         <run_address>0xbd48</run_address>
         <size>0x8</size>
         <input_file_ref idref="fl-e"/>
      </object_component>
      <object_component id="oc-492">
         <name>.cinit..data.load</name>
         <load_address>0xbd50</load_address>
         <run_address>0xbd50</run_address>
         <size>0x98</size>
      </object_component>
      <object_component id="oc-48f">
         <name>__TI_handler_table</name>
         <load_address>0xbde8</load_address>
         <run_address>0xbde8</run_address>
         <size>0xc</size>
      </object_component>
      <object_component id="oc-493">
         <name>.cinit..bss.load</name>
         <load_address>0xbdf8</load_address>
         <run_address>0xbdf8</run_address>
         <size>0x8</size>
      </object_component>
      <object_component id="oc-491">
         <name>.cinit..vtable.load</name>
         <load_address>0xbe00</load_address>
         <run_address>0xbe00</run_address>
         <size>0x8</size>
      </object_component>
      <object_component id="oc-490">
         <name>__TI_cinit_table</name>
         <load_address>0xbe08</load_address>
         <run_address>0xbe08</run_address>
         <size>0x18</size>
      </object_component>
      <object_component id="oc-350">
         <name>.vtable</name>
         <uninitialized>true</uninitialized>
         <run_address>0x20000000</run_address>
         <size>0x26c</size>
         <input_file_ref idref="fl-f"/>
      </object_component>
      <object_component id="oc-43">
         <name>.data</name>
         <load_address>0x20001480</load_address>
         <run_address>0x20001480</run_address>
         <size>0x4</size>
         <input_file_ref idref="fl-158"/>
      </object_component>
      <object_component id="oc-83">
         <name>.data</name>
         <load_address>0x20001464</load_address>
         <run_address>0x20001464</run_address>
         <size>0x8</size>
         <input_file_ref idref="fl-166"/>
      </object_component>
      <object_component id="oc-86">
         <name>.data</name>
         <load_address>0x2000146c</load_address>
         <run_address>0x2000146c</run_address>
         <size>0x8</size>
         <input_file_ref idref="fl-147"/>
      </object_component>
      <object_component id="oc-165">
         <name>.data</name>
         <load_address>0x20001440</load_address>
         <run_address>0x20001440</run_address>
         <size>0x14</size>
         <input_file_ref idref="fl-5"/>
      </object_component>
      <object_component id="oc-1e9">
         <name>.data</name>
         <load_address>0x20001454</load_address>
         <run_address>0x20001454</run_address>
         <size>0x10</size>
         <input_file_ref idref="fl-15a"/>
      </object_component>
      <object_component id="oc-1f4">
         <name>.data:local_tm</name>
         <load_address>0x20001408</load_address>
         <run_address>0x20001408</run_address>
         <size>0x24</size>
         <input_file_ref idref="fl-152"/>
      </object_component>
      <object_component id="oc-252">
         <name>.data</name>
         <load_address>0x2000142c</load_address>
         <run_address>0x2000142c</run_address>
         <size>0x14</size>
         <input_file_ref idref="fl-3"/>
      </object_component>
      <object_component id="oc-32c">
         <name>.data</name>
         <load_address>0x20001320</load_address>
         <run_address>0x20001320</run_address>
         <size>0x80</size>
         <input_file_ref idref="fl-165"/>
      </object_component>
      <object_component id="oc-3c0">
         <name>.data</name>
         <load_address>0x2000147c</load_address>
         <run_address>0x2000147c</run_address>
         <size>0x4</size>
         <input_file_ref idref="fl-16a"/>
      </object_component>
      <object_component id="oc-41c">
         <name>.data</name>
         <load_address>0x20001474</load_address>
         <run_address>0x20001474</run_address>
         <size>0x8</size>
         <input_file_ref idref="fl-16b"/>
      </object_component>
      <object_component id="oc-434">
         <name>.data</name>
         <load_address>0x200013a0</load_address>
         <run_address>0x200013a0</run_address>
         <size>0x68</size>
         <input_file_ref idref="fl-172"/>
      </object_component>
      <object_component id="oc-461">
         <name>.data:sigtable</name>
         <load_address>0x20001270</load_address>
         <run_address>0x20001270</run_address>
         <size>0xb0</size>
         <input_file_ref idref="fl-16f"/>
      </object_component>
      <object_component id="oc-162">
         <name>.bss:loal_time</name>
         <uninitialized>true</uninitialized>
         <run_address>0x200014fc</run_address>
         <size>0x24</size>
         <input_file_ref idref="fl-5"/>
      </object_component>
      <object_component id="oc-18a">
         <name>.bss:config</name>
         <uninitialized>true</uninitialized>
         <run_address>0x20001484</run_address>
         <size>0x78</size>
         <input_file_ref idref="fl-2"/>
      </object_component>
      <object_component id="oc-15f">
         <name>.common:g_ui32SysClock</name>
         <uninitialized>true</uninitialized>
         <run_address>0x20001520</run_address>
         <size>0x4</size>
      </object_component>
      <object_component id="oc-28">
         <name>.stack</name>
         <uninitialized>true</uninitialized>
         <run_address>0x2000026c</run_address>
         <size>0x0</size>
         <input_file_ref idref="fl-142"/>
      </object_component>
      <object_component id="oc-494">
         <name>.stack</name>
         <uninitialized>true</uninitialized>
         <run_address>0x2000026c</run_address>
         <size>0x0</size>
      </object_component>
      <object_component id="oc-f">
         <name>.debug_info</name>
         <load_address>0x0</load_address>
         <run_address>0x0</run_address>
         <size>0xe9</size>
         <input_file_ref idref="fl-9"/>
      </object_component>
      <object_component id="oc-12">
         <name>.debug_info</name>
         <load_address>0xe9</load_address>
         <run_address>0xe9</run_address>
         <size>0xf3</size>
         <input_file_ref idref="fl-142"/>
      </object_component>
      <object_component id="oc-17">
         <name>.debug_info</name>
         <load_address>0x1dc</load_address>
         <run_address>0x1dc</run_address>
         <size>0x194</size>
         <input_file_ref idref="fl-143"/>
      </object_component>
      <object_component id="oc-1d">
         <name>.debug_info</name>
         <load_address>0x370</load_address>
         <run_address>0x370</run_address>
         <size>0x16a</size>
         <input_file_ref idref="fl-145"/>
      </object_component>
      <object_component id="oc-23">
         <name>.debug_info</name>
         <load_address>0x4da</load_address>
         <run_address>0x4da</run_address>
         <size>0x18e</size>
         <input_file_ref idref="fl-144"/>
      </object_component>
      <object_component id="oc-2a">
         <name>.debug_info</name>
         <load_address>0x668</load_address>
         <run_address>0x668</run_address>
         <size>0x268</size>
         <input_file_ref idref="fl-9"/>
      </object_component>
      <object_component id="oc-31">
         <name>.debug_info</name>
         <load_address>0x8d0</load_address>
         <run_address>0x8d0</run_address>
         <size>0x104</size>
         <input_file_ref idref="fl-9"/>
      </object_component>
      <object_component id="oc-34">
         <name>.debug_info</name>
         <load_address>0x9d4</load_address>
         <run_address>0x9d4</run_address>
         <size>0x13d</size>
         <input_file_ref idref="fl-168"/>
      </object_component>
      <object_component id="oc-38">
         <name>.debug_info</name>
         <load_address>0xb11</load_address>
         <run_address>0xb11</run_address>
         <size>0x11c</size>
         <input_file_ref idref="fl-167"/>
      </object_component>
      <object_component id="oc-3e">
         <name>.debug_info</name>
         <load_address>0xc2d</load_address>
         <run_address>0xc2d</run_address>
         <size>0x1c2</size>
         <input_file_ref idref="fl-147"/>
      </object_component>
      <object_component id="oc-44">
         <name>.debug_info</name>
         <load_address>0xdef</load_address>
         <run_address>0xdef</run_address>
         <size>0xbe</size>
         <input_file_ref idref="fl-158"/>
      </object_component>
      <object_component id="oc-49">
         <name>.debug_info</name>
         <load_address>0xead</load_address>
         <run_address>0xead</run_address>
         <size>0xcc</size>
         <input_file_ref idref="fl-153"/>
      </object_component>
      <object_component id="oc-4d">
         <name>.debug_info</name>
         <load_address>0xf79</load_address>
         <run_address>0xf79</run_address>
         <size>0x46</size>
         <input_file_ref idref="fl-143"/>
      </object_component>
      <object_component id="oc-52">
         <name>.debug_info</name>
         <load_address>0xfbf</load_address>
         <run_address>0xfbf</run_address>
         <size>0xf2</size>
         <input_file_ref idref="fl-143"/>
      </object_component>
      <object_component id="oc-54">
         <name>.debug_info</name>
         <load_address>0x10b1</load_address>
         <run_address>0x10b1</run_address>
         <size>0x46</size>
         <input_file_ref idref="fl-145"/>
      </object_component>
      <object_component id="oc-59">
         <name>.debug_info</name>
         <load_address>0x10f7</load_address>
         <run_address>0x10f7</run_address>
         <size>0xad</size>
         <input_file_ref idref="fl-145"/>
      </object_component>
      <object_component id="oc-5b">
         <name>.debug_info</name>
         <load_address>0x11a4</load_address>
         <run_address>0x11a4</run_address>
         <size>0x1ef</size>
         <input_file_ref idref="fl-144"/>
      </object_component>
      <object_component id="oc-61">
         <name>.debug_info</name>
         <load_address>0x1393</load_address>
         <run_address>0x1393</run_address>
         <size>0xb7</size>
         <input_file_ref idref="fl-144"/>
      </object_component>
      <object_component id="oc-62">
         <name>.debug_info</name>
         <load_address>0x144a</load_address>
         <run_address>0x144a</run_address>
         <size>0x39</size>
         <input_file_ref idref="fl-144"/>
      </object_component>
      <object_component id="oc-6a">
         <name>.debug_info</name>
         <load_address>0x1483</load_address>
         <run_address>0x1483</run_address>
         <size>0x84</size>
         <input_file_ref idref="fl-2"/>
      </object_component>
      <object_component id="oc-6f">
         <name>.debug_info</name>
         <load_address>0x1507</load_address>
         <run_address>0x1507</run_address>
         <size>0x18b</size>
         <input_file_ref idref="fl-2"/>
      </object_component>
      <object_component id="oc-75">
         <name>.debug_info</name>
         <load_address>0x1692</load_address>
         <run_address>0x1692</run_address>
         <size>0x14b</size>
         <input_file_ref idref="fl-169"/>
      </object_component>
      <object_component id="oc-7c">
         <name>.debug_info</name>
         <load_address>0x17dd</load_address>
         <run_address>0x17dd</run_address>
         <size>0x1bd</size>
         <input_file_ref idref="fl-6"/>
      </object_component>
      <object_component id="oc-82">
         <name>.debug_info</name>
         <load_address>0x199a</load_address>
         <run_address>0x199a</run_address>
         <size>0x11b</size>
         <input_file_ref idref="fl-167"/>
      </object_component>
      <object_component id="oc-84">
         <name>.debug_info</name>
         <load_address>0x1ab5</load_address>
         <run_address>0x1ab5</run_address>
         <size>0xc8</size>
         <input_file_ref idref="fl-166"/>
      </object_component>
      <object_component id="oc-87">
         <name>.debug_info</name>
         <load_address>0x1b7d</load_address>
         <run_address>0x1b7d</run_address>
         <size>0xeb</size>
         <input_file_ref idref="fl-147"/>
      </object_component>
      <object_component id="oc-8a">
         <name>.debug_info</name>
         <load_address>0x1c68</load_address>
         <run_address>0x1c68</run_address>
         <size>0x146</size>
         <input_file_ref idref="fl-147"/>
      </object_component>
      <object_component id="oc-8f">
         <name>.debug_info</name>
         <load_address>0x1dae</load_address>
         <run_address>0x1dae</run_address>
         <size>0x2c</size>
         <input_file_ref idref="fl-143"/>
      </object_component>
      <object_component id="oc-96">
         <name>.debug_info</name>
         <load_address>0x1dda</load_address>
         <run_address>0x1dda</run_address>
         <size>0x2c</size>
         <input_file_ref idref="fl-145"/>
      </object_component>
      <object_component id="oc-a1">
         <name>.debug_info</name>
         <load_address>0x1e06</load_address>
         <run_address>0x1e06</run_address>
         <size>0x148</size>
         <input_file_ref idref="fl-169"/>
      </object_component>
      <object_component id="oc-a5">
         <name>.debug_info</name>
         <load_address>0x1f4e</load_address>
         <run_address>0x1f4e</run_address>
         <size>0x4c5</size>
         <input_file_ref idref="fl-e"/>
      </object_component>
      <object_component id="oc-a9">
         <name>.debug_info</name>
         <load_address>0x2413</load_address>
         <run_address>0x2413</run_address>
         <size>0xd58</size>
         <input_file_ref idref="fl-5"/>
      </object_component>
      <object_component id="oc-af">
         <name>.debug_info</name>
         <load_address>0x316b</load_address>
         <run_address>0x316b</run_address>
         <size>0xecc</size>
         <input_file_ref idref="fl-2"/>
      </object_component>
      <object_component id="oc-b7">
         <name>.debug_info</name>
         <load_address>0x4037</load_address>
         <run_address>0x4037</run_address>
         <size>0x5e</size>
         <input_file_ref idref="fl-167"/>
      </object_component>
      <object_component id="oc-bf">
         <name>.debug_info</name>
         <load_address>0x4095</load_address>
         <run_address>0x4095</run_address>
         <size>0x1d4</size>
         <input_file_ref idref="fl-166"/>
      </object_component>
      <object_component id="oc-c4">
         <name>.debug_info</name>
         <load_address>0x4269</load_address>
         <run_address>0x4269</run_address>
         <size>0xd9</size>
         <input_file_ref idref="fl-166"/>
      </object_component>
      <object_component id="oc-cc">
         <name>.debug_info</name>
         <load_address>0x4342</load_address>
         <run_address>0x4342</run_address>
         <size>0xcd</size>
         <input_file_ref idref="fl-169"/>
      </object_component>
      <object_component id="oc-d4">
         <name>.debug_info</name>
         <load_address>0x440f</load_address>
         <run_address>0x440f</run_address>
         <size>0x264</size>
         <input_file_ref idref="fl-e"/>
      </object_component>
      <object_component id="oc-da">
         <name>.debug_info</name>
         <load_address>0x4673</load_address>
         <run_address>0x4673</run_address>
         <size>0x21e</size>
         <input_file_ref idref="fl-e"/>
      </object_component>
      <object_component id="oc-de">
         <name>.debug_info</name>
         <load_address>0x4891</load_address>
         <run_address>0x4891</run_address>
         <size>0xff</size>
         <input_file_ref idref="fl-e"/>
      </object_component>
      <object_component id="oc-e1">
         <name>.debug_info</name>
         <load_address>0x4990</load_address>
         <run_address>0x4990</run_address>
         <size>0x10b</size>
         <input_file_ref idref="fl-e"/>
      </object_component>
      <object_component id="oc-e4">
         <name>.debug_info</name>
         <load_address>0x4a9b</load_address>
         <run_address>0x4a9b</run_address>
         <size>0x112</size>
         <input_file_ref idref="fl-e"/>
      </object_component>
      <object_component id="oc-e7">
         <name>.debug_info</name>
         <load_address>0x4bad</load_address>
         <run_address>0x4bad</run_address>
         <size>0x18b</size>
         <input_file_ref idref="fl-e"/>
      </object_component>
      <object_component id="oc-ec">
         <name>.debug_info</name>
         <load_address>0x4d38</load_address>
         <run_address>0x4d38</run_address>
         <size>0x90</size>
         <input_file_ref idref="fl-e"/>
      </object_component>
      <object_component id="oc-f1">
         <name>.debug_info</name>
         <load_address>0x4dc8</load_address>
         <run_address>0x4dc8</run_address>
         <size>0x226</size>
         <input_file_ref idref="fl-e"/>
      </object_component>
      <object_component id="oc-f3">
         <name>.debug_info</name>
         <load_address>0x4fee</load_address>
         <run_address>0x4fee</run_address>
         <size>0x1e1</size>
         <input_file_ref idref="fl-e"/>
      </object_component>
      <object_component id="oc-f9">
         <name>.debug_info</name>
         <load_address>0x51cf</load_address>
         <run_address>0x51cf</run_address>
         <size>0x1d1</size>
         <input_file_ref idref="fl-10"/>
      </object_component>
      <object_component id="oc-101">
         <name>.debug_info</name>
         <load_address>0x53a0</load_address>
         <run_address>0x53a0</run_address>
         <size>0x219</size>
         <input_file_ref idref="fl-e"/>
      </object_component>
      <object_component id="oc-106">
         <name>.debug_info</name>
         <load_address>0x55b9</load_address>
         <run_address>0x55b9</run_address>
         <size>0x20f</size>
         <input_file_ref idref="fl-10"/>
      </object_component>
      <object_component id="oc-10c">
         <name>.debug_info</name>
         <load_address>0x57c8</load_address>
         <run_address>0x57c8</run_address>
         <size>0x1b1</size>
         <input_file_ref idref="fl-10"/>
      </object_component>
      <object_component id="oc-112">
         <name>.debug_info</name>
         <load_address>0x5979</load_address>
         <run_address>0x5979</run_address>
         <size>0x22e</size>
         <input_file_ref idref="fl-10"/>
      </object_component>
      <object_component id="oc-118">
         <name>.debug_info</name>
         <load_address>0x5ba7</load_address>
         <run_address>0x5ba7</run_address>
         <size>0x1ca</size>
         <input_file_ref idref="fl-10"/>
      </object_component>
      <object_component id="oc-11e">
         <name>.debug_info</name>
         <load_address>0x5d71</load_address>
         <run_address>0x5d71</run_address>
         <size>0x1f5</size>
         <input_file_ref idref="fl-10"/>
      </object_component>
      <object_component id="oc-124">
         <name>.debug_info</name>
         <load_address>0x5f66</load_address>
         <run_address>0x5f66</run_address>
         <size>0x1f1</size>
         <input_file_ref idref="fl-10"/>
      </object_component>
      <object_component id="oc-12a">
         <name>.debug_info</name>
         <load_address>0x6157</load_address>
         <run_address>0x6157</run_address>
         <size>0x314</size>
         <input_file_ref idref="fl-10"/>
      </object_component>
      <object_component id="oc-130">
         <name>.debug_info</name>
         <load_address>0x646b</load_address>
         <run_address>0x646b</run_address>
         <size>0x17e</size>
         <input_file_ref idref="fl-154"/>
      </object_component>
      <object_component id="oc-136">
         <name>.debug_info</name>
         <load_address>0x65e9</load_address>
         <run_address>0x65e9</run_address>
         <size>0x141</size>
         <input_file_ref idref="fl-152"/>
      </object_component>
      <object_component id="oc-13c">
         <name>.debug_info</name>
         <load_address>0x672a</load_address>
         <run_address>0x672a</run_address>
         <size>0x706</size>
         <input_file_ref idref="fl-8"/>
      </object_component>
      <object_component id="oc-142">
         <name>.debug_info</name>
         <load_address>0x6e30</load_address>
         <run_address>0x6e30</run_address>
         <size>0x1ed</size>
         <input_file_ref idref="fl-10"/>
      </object_component>
      <object_component id="oc-148">
         <name>.debug_info</name>
         <load_address>0x701d</load_address>
         <run_address>0x701d</run_address>
         <size>0x1f3</size>
         <input_file_ref idref="fl-10"/>
      </object_component>
      <object_component id="oc-14e">
         <name>.debug_info</name>
         <load_address>0x7210</load_address>
         <run_address>0x7210</run_address>
         <size>0x1ef</size>
         <input_file_ref idref="fl-10"/>
      </object_component>
      <object_component id="oc-154">
         <name>.debug_info</name>
         <load_address>0x73ff</load_address>
         <run_address>0x73ff</run_address>
         <size>0x1c8</size>
         <input_file_ref idref="fl-10"/>
      </object_component>
      <object_component id="oc-15a">
         <name>.debug_info</name>
         <load_address>0x75c7</load_address>
         <run_address>0x75c7</run_address>
         <size>0x1f8</size>
         <input_file_ref idref="fl-10"/>
      </object_component>
      <object_component id="oc-160">
         <name>.debug_info</name>
         <load_address>0x77bf</load_address>
         <run_address>0x77bf</run_address>
         <size>0x59f</size>
         <input_file_ref idref="fl-5"/>
      </object_component>
      <object_component id="oc-163">
         <name>.debug_info</name>
         <load_address>0x7d5e</load_address>
         <run_address>0x7d5e</run_address>
         <size>0xcd</size>
         <input_file_ref idref="fl-5"/>
      </object_component>
      <object_component id="oc-166">
         <name>.debug_info</name>
         <load_address>0x7e2b</load_address>
         <run_address>0x7e2b</run_address>
         <size>0x103</size>
         <input_file_ref idref="fl-5"/>
      </object_component>
      <object_component id="oc-169">
         <name>.debug_info</name>
         <load_address>0x7f2e</load_address>
         <run_address>0x7f2e</run_address>
         <size>0x162</size>
         <input_file_ref idref="fl-5"/>
      </object_component>
      <object_component id="oc-16e">
         <name>.debug_info</name>
         <load_address>0x8090</load_address>
         <run_address>0x8090</run_address>
         <size>0x57e</size>
         <input_file_ref idref="fl-5"/>
      </object_component>
      <object_component id="oc-173">
         <name>.debug_info</name>
         <load_address>0x860e</load_address>
         <run_address>0x860e</run_address>
         <size>0x8b</size>
         <input_file_ref idref="fl-4"/>
      </object_component>
      <object_component id="oc-179">
         <name>.debug_info</name>
         <load_address>0x8699</load_address>
         <run_address>0x8699</run_address>
         <size>0x56e</size>
         <input_file_ref idref="fl-3"/>
      </object_component>
      <object_component id="oc-17f">
         <name>.debug_info</name>
         <load_address>0x8c07</load_address>
         <run_address>0x8c07</run_address>
         <size>0x31a</size>
         <input_file_ref idref="fl-4"/>
      </object_component>
      <object_component id="oc-186">
         <name>.debug_info</name>
         <load_address>0x8f21</load_address>
         <run_address>0x8f21</run_address>
         <size>0x4bc</size>
         <input_file_ref idref="fl-12"/>
      </object_component>
      <object_component id="oc-18b">
         <name>.debug_info</name>
         <load_address>0x93dd</load_address>
         <run_address>0x93dd</run_address>
         <size>0xd5</size>
         <input_file_ref idref="fl-2"/>
      </object_component>
      <object_component id="oc-18e">
         <name>.debug_info</name>
         <load_address>0x94b2</load_address>
         <run_address>0x94b2</run_address>
         <size>0xdf</size>
         <input_file_ref idref="fl-151"/>
      </object_component>
      <object_component id="oc-193">
         <name>.debug_info</name>
         <load_address>0x9591</load_address>
         <run_address>0x9591</run_address>
         <size>0xed</size>
         <input_file_ref idref="fl-14b"/>
      </object_component>
      <object_component id="oc-198">
         <name>.debug_info</name>
         <load_address>0x967e</load_address>
         <run_address>0x967e</run_address>
         <size>0xe8</size>
         <input_file_ref idref="fl-14d"/>
      </object_component>
      <object_component id="oc-19d">
         <name>.debug_info</name>
         <load_address>0x9766</load_address>
         <run_address>0x9766</run_address>
         <size>0x1dd</size>
         <input_file_ref idref="fl-11"/>
      </object_component>
      <object_component id="oc-1a3">
         <name>.debug_info</name>
         <load_address>0x9943</load_address>
         <run_address>0x9943</run_address>
         <size>0x1eb</size>
         <input_file_ref idref="fl-11"/>
      </object_component>
      <object_component id="oc-1a9">
         <name>.debug_info</name>
         <load_address>0x9b2e</load_address>
         <run_address>0x9b2e</run_address>
         <size>0x1e4</size>
         <input_file_ref idref="fl-11"/>
      </object_component>
      <object_component id="oc-1b0">
         <name>.debug_info</name>
         <load_address>0x9d12</load_address>
         <run_address>0x9d12</run_address>
         <size>0x1df</size>
         <input_file_ref idref="fl-11"/>
      </object_component>
      <object_component id="oc-1b5">
         <name>.debug_info</name>
         <load_address>0x9ef1</load_address>
         <run_address>0x9ef1</run_address>
         <size>0x2cc</size>
         <input_file_ref idref="fl-12"/>
      </object_component>
      <object_component id="oc-1bf">
         <name>.debug_info</name>
         <load_address>0xa1bd</load_address>
         <run_address>0xa1bd</run_address>
         <size>0x105</size>
         <input_file_ref idref="fl-e"/>
      </object_component>
      <object_component id="oc-1cb">
         <name>.debug_info</name>
         <load_address>0xa2c2</load_address>
         <run_address>0xa2c2</run_address>
         <size>0x5f</size>
         <input_file_ref idref="fl-e"/>
      </object_component>
      <object_component id="oc-1d2">
         <name>.debug_info</name>
         <load_address>0xa321</load_address>
         <run_address>0xa321</run_address>
         <size>0x227</size>
         <input_file_ref idref="fl-10"/>
      </object_component>
      <object_component id="oc-1da">
         <name>.debug_info</name>
         <load_address>0xa548</load_address>
         <run_address>0xa548</run_address>
         <size>0x1b9</size>
         <input_file_ref idref="fl-10"/>
      </object_component>
      <object_component id="oc-1e2">
         <name>.debug_info</name>
         <load_address>0xa701</load_address>
         <run_address>0xa701</run_address>
         <size>0x137</size>
         <input_file_ref idref="fl-15b"/>
      </object_component>
      <object_component id="oc-1e7">
         <name>.debug_info</name>
         <load_address>0xa838</load_address>
         <run_address>0xa838</run_address>
         <size>0xcb</size>
         <input_file_ref idref="fl-154"/>
      </object_component>
      <object_component id="oc-1ea">
         <name>.debug_info</name>
         <load_address>0xa903</load_address>
         <run_address>0xa903</run_address>
         <size>0xa6</size>
         <input_file_ref idref="fl-15a"/>
      </object_component>
      <object_component id="oc-1ed">
         <name>.debug_info</name>
         <load_address>0xa9a9</load_address>
         <run_address>0xa9a9</run_address>
         <size>0x155</size>
         <input_file_ref idref="fl-154"/>
      </object_component>
      <object_component id="oc-1f2">
         <name>.debug_info</name>
         <load_address>0xaafe</load_address>
         <run_address>0xaafe</run_address>
         <size>0x10f</size>
         <input_file_ref idref="fl-154"/>
      </object_component>
      <object_component id="oc-1f5">
         <name>.debug_info</name>
         <load_address>0xac0d</load_address>
         <run_address>0xac0d</run_address>
         <size>0xb1</size>
         <input_file_ref idref="fl-152"/>
      </object_component>
      <object_component id="oc-1f8">
         <name>.debug_info</name>
         <load_address>0xacbe</load_address>
         <run_address>0xacbe</run_address>
         <size>0xc9</size>
         <input_file_ref idref="fl-152"/>
      </object_component>
      <object_component id="oc-1f9">
         <name>.debug_info</name>
         <load_address>0xad87</load_address>
         <run_address>0xad87</run_address>
         <size>0xee</size>
         <input_file_ref idref="fl-152"/>
      </object_component>
      <object_component id="oc-200">
         <name>.debug_info</name>
         <load_address>0xae75</load_address>
         <run_address>0xae75</run_address>
         <size>0xdf</size>
         <input_file_ref idref="fl-150"/>
      </object_component>
      <object_component id="oc-204">
         <name>.debug_info</name>
         <load_address>0xaf54</load_address>
         <run_address>0xaf54</run_address>
         <size>0x5707</size>
         <input_file_ref idref="fl-7"/>
      </object_component>
      <object_component id="oc-20b">
         <name>.debug_info</name>
         <load_address>0x1065b</load_address>
         <run_address>0x1065b</run_address>
         <size>0xff</size>
         <input_file_ref idref="fl-148"/>
      </object_component>
      <object_component id="oc-20f">
         <name>.debug_info</name>
         <load_address>0x1075a</load_address>
         <run_address>0x1075a</run_address>
         <size>0x39e</size>
         <input_file_ref idref="fl-159"/>
      </object_component>
      <object_component id="oc-216">
         <name>.debug_info</name>
         <load_address>0x10af8</load_address>
         <run_address>0x10af8</run_address>
         <size>0xff</size>
         <input_file_ref idref="fl-156"/>
      </object_component>
      <object_component id="oc-21b">
         <name>.debug_info</name>
         <load_address>0x10bf7</load_address>
         <run_address>0x10bf7</run_address>
         <size>0x175</size>
         <input_file_ref idref="fl-140"/>
      </object_component>
      <object_component id="oc-221">
         <name>.debug_info</name>
         <load_address>0x10d6c</load_address>
         <run_address>0x10d6c</run_address>
         <size>0xd4</size>
         <input_file_ref idref="fl-8"/>
      </object_component>
      <object_component id="oc-224">
         <name>.debug_info</name>
         <load_address>0x10e40</load_address>
         <run_address>0x10e40</run_address>
         <size>0x19a</size>
         <input_file_ref idref="fl-8"/>
      </object_component>
      <object_component id="oc-226">
[...]
      </symbol>
      <symbol id="sm-3e0">
         <name>SysCtlPeripheralEnable</name>
         <value>0x6f05</value>
         <object_component_ref idref="oc-f2"/>
      </symbol>
      <symbol id="sm-3e1">
         <name>SysCtlClockGet</name>
         <value>0x5b91</value>
         <object_component_ref idref="oc-fe"/>
      </symbol>
      <symbol id="sm-3e2">
         <name>SysCtlClockFreqSet</name>
         <value>0x4c39</value>
         <object_component_ref idref="oc-a2"/>
      </symbol>
      <symbol id="sm-41c">
         <name>IntEnable</name>
         <value>0x6995</value>
         <object_component_ref idref="oc-23b"/>
      </symbol>
      <symbol id="sm-41d">
         <name>IntRegister</name>
         <value>0x6ed1</value>
         <object_component_ref idref="oc-235"/>
      </symbol>
      <symbol id="sm-41e">
         <name>g_pfnRAMVectors</name>
         <value>0x20000000</value>
         <object_component_ref idref="oc-350"/>
      </symbol>
      <symbol id="sm-4e3">
         <name>HibernateCalendarGet</name>
         <value>0x68c9</value>
         <object_component_ref idref="oc-129"/>
      </symbol>
      <symbol id="sm-4e4">
         <name>HibernateIntDisable</name>
         <value>0x7249</value>
         <object_component_ref idref="oc-11d"/>
      </symbol>
      <symbol id="sm-4e5">
         <name>HibernateIntClear</name>
         <value>0x7235</value>
         <object_component_ref idref="oc-123"/>
      </symbol>
      <symbol id="sm-4e6">
         <name>HibernateRTCSet</name>
         <value>0x705d</value>
         <object_component_ref idref="oc-111"/>
      </symbol>
      <symbol id="sm-4e7">
         <name>HibernateEnableExpClk</name>
         <value>0x7221</value>
         <object_component_ref idref="oc-f8"/>
      </symbol>
      <symbol id="sm-4e8">
         <name>HibernateCounterMode</name>
         <value>0x7329</value>
         <object_component_ref idref="oc-14d"/>
      </symbol>
      <symbol id="sm-4e9">
         <name>HibernateCalendarMatchSet</name>
         <value>0x731d</value>
         <object_component_ref idref="oc-141"/>
      </symbol>
      <symbol id="sm-4ea">
         <name>HibernateClockConfig</name>
         <value>0x6b35</value>
         <object_component_ref idref="oc-105"/>
      </symbol>
      <symbol id="sm-4eb">
         <name>HibernateIntEnable</name>
         <value>0x725d</value>
         <object_component_ref idref="oc-147"/>
      </symbol>
      <symbol id="sm-4ec">
         <name>HibernateRTCEnable</name>
         <value>0x7271</value>
         <object_component_ref idref="oc-10b"/>
      </symbol>
      <symbol id="sm-4ed">
         <name>HibernateIntStatus</name>
         <value>0x71d9</value>
         <object_component_ref idref="oc-117"/>
      </symbol>
      <symbol id="sm-4ee">
         <name>HibernateIntRegister</name>
         <value>0x71bf</value>
         <object_component_ref idref="oc-159"/>
      </symbol>
      <symbol id="sm-4ef">
         <name>HibernateCalendarSet</name>
         <value>0x72e1</value>
         <object_component_ref idref="oc-153"/>
      </symbol>
      <symbol id="sm-537">
         <name>GPIOPinConfigure</name>
         <value>0x6aed</value>
         <object_component_ref idref="oc-1a8"/>
      </symbol>
      <symbol id="sm-538">
         <name>GPIOPinTypeADC</name>
         <value>0x72ab</value>
         <object_component_ref idref="oc-19c"/>
      </symbol>
      <symbol id="sm-539">
         <name>GPIOPinTypeUART</name>
         <value>0x72bd</value>
         <object_component_ref idref="oc-1ae"/>
      </symbol>
      <symbol id="sm-53a">
         <name>GPIOPinTypeGPIOOutput</name>
         <value>0x71a7</value>
         <object_component_ref idref="oc-1a2"/>
      </symbol>
      <symbol id="sm-53b">
         <name>GPIODirModeSet</name>
         <value>0x7089</value>
         <object_component_ref idref="oc-29d"/>
      </symbol>
      <symbol id="sm-53c">
         <name>GPIOPadConfigSet</name>
         <value>0x5943</value>
         <object_component_ref idref="oc-2a3"/>
      </symbol>
      <symbol id="sm-59c">
         <name>EEPROMRead</name>
         <value>0x6e9d</value>
         <object_component_ref idref="oc-1b4"/>
      </symbol>
      <symbol id="sm-59d">
         <name>EEPROMProgram</name>
         <value>0x60e5</value>
         <object_component_ref idref="oc-184"/>
      </symbol>
      <symbol id="sm-5f6">
         <name>ADCProcessorTrigger</name>
         <value>0x7209</value>
         <object_component_ref idref="oc-275"/>
      </symbol>
      <symbol id="sm-5f7">
         <name>ADCSequenceEnable</name>
         <value>0x7301</value>
         <object_component_ref idref="oc-269"/>
      </symbol>
      <symbol id="sm-5f8">
         <name>ADCSequenceConfigure</name>
         <value>0x6de9</value>
         <object_component_ref idref="oc-257"/>
      </symbol>
      <symbol id="sm-5f9">
         <name>ADCSequenceStepConfigure</name>
         <value>0x6849</value>
         <object_component_ref idref="oc-25d"/>
      </symbol>
      <symbol id="sm-5fa">
         <name>ADCIntClear</name>
         <value>0x7341</value>
         <object_component_ref idref="oc-26f"/>
      </symbol>
      <symbol id="sm-5fb">
         <name>ADCHardwareOversampleConfigure</name>
         <value>0x7299</value>
         <object_component_ref idref="oc-263"/>
      </symbol>
      <symbol id="sm-5fc">
         <name>ADCIntStatus</name>
         <value>0x6fd1</value>
         <object_component_ref idref="oc-27b"/>
      </symbol>
      <symbol id="sm-5fd">
         <name>ADCSequenceDataGet</name>
         <value>0x711d</value>
         <object_component_ref idref="oc-281"/>
      </symbol>
      <symbol id="sm-615">
         <name>acos</name>
         <value>0x5ca9</value>
         <object_component_ref idref="oc-311"/>
      </symbol>
      <symbol id="sm-62d">
         <name>asin</name>
         <value>0x5a75</value>
         <object_component_ref idref="oc-30b"/>
      </symbol>
      <symbol id="sm-645">
         <name>atan</name>
         <value>0x64ad</value>
         <object_component_ref idref="oc-21a"/>
      </symbol>
      <symbol id="sm-65e">
         <name>atan2</name>
         <value>0x5dc1</value>
         <object_component_ref idref="oc-305"/>
      </symbol>
      <symbol id="sm-66e">
         <name>_c_int00</name>
         <value>0x6bc5</value>
         <object_component_ref idref="oc-11"/>
      </symbol>
      <symbol id="sm-66f">
         <name>__stack</name>
         <value>0x2000026c</value>
         <object_component_ref idref="oc-28"/>
      </symbol>
      <symbol id="sm-686">
         <name>__TI_decompress_none</name>
         <value>0x730f</value>
         <object_component_ref idref="oc-16"/>
      </symbol>
      <symbol id="sm-6aa">
         <name>__TI_decompress_rle24</name>
         <value>0x7351</value>
         <object_component_ref idref="oc-22"/>
      </symbol>
      <symbol id="sm-6c3">
         <name>__TI_zero_init</name>
         <value>0x72cf</value>
         <object_component_ref idref="oc-1c"/>
      </symbol>
      <symbol id="sm-6d0">
         <name>cos</name>
         <value>0x7159</value>
         <object_component_ref idref="oc-2e7"/>
      </symbol>
      <symbol id="sm-6ef">
         <name>C$$EXIT</name>
         <value>0x6c99</value>
         <object_component_ref idref="oc-3d"/>
      </symbol>
      <symbol id="sm-6f0">
         <name>abort</name>
         <value>0x6c9d</value>
         <object_component_ref idref="oc-3d"/>
      </symbol>
      <symbol id="sm-6f1">
         <name>exit</name>
         <value>0x6ca5</value>
         <object_component_ref idref="oc-3d"/>
      </symbol>
      <symbol id="sm-6f2">
         <name>__TI_dtors_ptr</name>
         <value>0x20001470</value>
         <object_component_ref idref="oc-86"/>
      </symbol>
      <symbol id="sm-6f3">
         <name>__TI_cleanup_ptr</name>
         <value>0x2000146c</value>
         <object_component_ref idref="oc-86"/>
      </symbol>
      <symbol id="sm-70a">
         <name>__aeabi_dsub</name>
         <value>0x5215</value>
         <object_component_ref idref="oc-209"/>
      </symbol>
      <symbol id="sm-70b">
         <name>__aeabi_dadd</name>
         <value>0x521f</value>
         <object_component_ref idref="oc-209"/>
      </symbol>
      <symbol id="sm-72d">
         <name>__aeabi_cdcmpeq</name>
         <value>0x673d</value>
         <object_component_ref idref="oc-2dd"/>
      </symbol>
      <symbol id="sm-72e">
         <name>__aeabi_cdcmple</name>
         <value>0x673d</value>
         <object_component_ref idref="oc-2dd"/>
      </symbol>
      <symbol id="sm-72f">
         <name>__aeabi_cdrcmple</name>
         <value>0x67c3</value>
         <object_component_ref idref="oc-2e2"/>
      </symbol>
      <symbol id="sm-743">
         <name>__aeabi_ddiv</name>
         <value>0x580d</value>
         <object_component_ref idref="oc-2d2"/>
      </symbol>
      <symbol id="sm-74e">
         <name>__aeabi_dmul</name>
         <value>0x5fe9</value>
         <object_component_ref idref="oc-192"/>
      </symbol>
      <symbol id="sm-758">
         <name>__aeabi_d2iz</name>
         <value>0x6c0d</value>
         <object_component_ref idref="oc-2cd"/>
      </symbol>
      <symbol id="sm-762">
         <name>__aeabi_d2f</name>
         <value>0x6aa1</value>
         <object_component_ref idref="oc-197"/>
      </symbol>
      <symbol id="sm-76c">
         <name>__aeabi_d2uiz</name>
         <value>0x6cdd</value>
         <object_component_ref idref="oc-24d"/>
      </symbol>
      <symbol id="sm-785">
         <name>floor</name>
         <value>0x6331</value>
         <object_component_ref idref="oc-2d7"/>
      </symbol>
      <symbol id="sm-790">
         <name>__aeabi_f2d</name>
         <value>0x6e65</value>
         <object_component_ref idref="oc-1fe"/>
      </symbol>
      <symbol id="sm-79a">
         <name>__aeabi_i2d</name>
         <value>0x6fff</value>
         <object_component_ref idref="oc-18d"/>
      </symbol>
      <symbol id="sm-7b7">
         <name>localtime</name>
         <value>0x6a55</value>
         <object_component_ref idref="oc-135"/>
      </symbol>
      <symbol id="sm-7d2">
         <name>memcpy</name>
         <value>0x660d</value>
         <object_component_ref idref="oc-47"/>
      </symbol>
      <symbol id="sm-7d3">
         <name>__aeabi_memcpy</name>
         <value>0x660d</value>
         <object_component_ref idref="oc-47"/>
      </symbol>
      <symbol id="sm-7d4">
         <name>__aeabi_memcpy8</name>
         <value>0x660d</value>
         <object_component_ref idref="oc-47"/>
      </symbol>
      <symbol id="sm-7d5">
         <name>__aeabi_memcpy4</name>
         <value>0x660d</value>
         <object_component_ref idref="oc-47"/>
      </symbol>
      <symbol id="sm-806">
         <name>mktime</name>
         <value>0x4209</value>
         <object_component_ref idref="oc-12f"/>
      </symbol>
      <symbol id="sm-858">
         <name>pow</name>
         <value>0x3759</value>
         <object_component_ref idref="oc-2ed"/>
      </symbol>
      <symbol id="sm-865">
         <name>sin</name>
         <value>0x718d</value>
         <object_component_ref idref="oc-214"/>
      </symbol>
      <symbol id="sm-87c">
         <name>sqrt</name>
         <value>0x56c5</value>
         <object_component_ref idref="oc-3ac"/>
      </symbol>
      <symbol id="sm-884">
         <name>main_func_sp</name>
         <value>0x20001480</value>
         <object_component_ref idref="oc-43"/>
      </symbol>
      <symbol id="sm-8bb">
         <name>tan</name>
         <value>0x49ed</value>
         <object_component_ref idref="oc-20e"/>
      </symbol>
      <symbol id="sm-8cb">
         <name>_tz</name>
         <value>0x20001454</value>
         <object_component_ref idref="oc-1e9"/>
      </symbol>
      <symbol id="sm-8db">
         <name>__aeabi_uidivmod</name>
         <value>0x6d65</value>
         <object_component_ref idref="oc-1e1"/>
      </symbol>
      <symbol id="sm-8e5">
         <name>__aeabi_ui2d</name>
         <value>0x70fd</value>
         <object_component_ref idref="oc-248"/>
      </symbol>
      <symbol id="sm-908">
         <name>_Atan</name>
         <value>0x53cd</value>
         <object_component_ref idref="oc-33d"/>
      </symbol>
      <symbol id="sm-925">
         <name>_Dint</name>
         <value>0x61a9</value>
         <object_component_ref idref="oc-38a"/>
      </symbol>
      <symbol id="sm-940">
         <name>_Dscale</name>
         <value>0x5ed9</value>
         <object_component_ref idref="oc-3ca"/>
      </symbol>
      <symbol id="sm-952">
         <name>_Dtest</name>
         <value>0x6d21</value>
         <object_component_ref idref="oc-31a"/>
      </symbol>
      <symbol id="sm-966">
         <name>_Dunscale</name>
         <value>0x6931</value>
         <object_component_ref idref="oc-384"/>
      </symbol>
      <symbol id="sm-998">
         <name>_Exp</name>
         <value>0x4e35</value>
         <object_component_ref idref="oc-396"/>
      </symbol>
      <symbol id="sm-9a7">
         <name>_Feraise</name>
         <value>0x6fa1</value>
         <object_component_ref idref="oc-320"/>
      </symbol>
      <symbol id="sm-9e0">
         <name>_Sin</name>
         <value>0x44b1</value>
         <object_component_ref idref="oc-335"/>
      </symbol>
      <symbol id="sm-9f0">
         <name>_Rteps</name>
         <value>0x20001380</value>
         <object_component_ref idref="oc-32c"/>
      </symbol>
      <symbol id="sm-9f1">
         <name>_Zero</name>
         <value>0x20001398</value>
         <object_component_ref idref="oc-32c"/>
      </symbol>
      <symbol id="sm-9f2">
         <name>_Hugeval</name>
         <value>0x20001340</value>
         <object_component_ref idref="oc-32c"/>
      </symbol>
      <symbol id="sm-9f3">
         <name>_Snan</name>
         <value>0x20001370</value>
         <object_component_ref idref="oc-32c"/>
      </symbol>
      <symbol id="sm-9f4">
         <name>_Nan</name>
         <value>0x20001360</value>
         <object_component_ref idref="oc-32c"/>
      </symbol>
      <symbol id="sm-9f5">
         <name>_Inf</name>
         <value>0x20001350</value>
         <object_component_ref idref="oc-32c"/>
      </symbol>
      <symbol id="sm-9f6">
         <name>_Xbig</name>
         <value>0x20001390</value>
         <object_component_ref idref="oc-32c"/>
      </symbol>
      <symbol id="sm-9f7">
         <name>_Eps</name>
         <value>0x20001330</value>
         <object_component_ref idref="oc-32c"/>
      </symbol>
      <symbol id="sm-9f8">
         <name>_Denorm</name>
         <value>0x20001320</value>
         <object_component_ref idref="oc-32c"/>
      </symbol>
      <symbol id="sm-a11">
         <name>_nop</name>
         <value>0x7293</value>
         <object_component_ref idref="oc-bc"/>
      </symbol>
      <symbol id="sm-a12">
         <name>_lock</name>
         <value>0x20001464</value>
         <object_component_ref idref="oc-83"/>
      </symbol>
      <symbol id="sm-a13">
         <name>_unlock</name>
         <value>0x20001468</value>
         <object_component_ref idref="oc-83"/>
      </symbol>
      <symbol id="sm-a14">
         <name>_register_lock</name>
         <value>0x728b</value>
         <object_component_ref idref="oc-bc"/>
      </symbol>
      <symbol id="sm-a15">
         <name>_register_unlock</name>
         <value>0x7285</value>
         <object_component_ref idref="oc-bc"/>
      </symbol>
      <symbol id="sm-a29">
         <name>_args_main</name>
         <value>0x71f1</value>
         <object_component_ref idref="oc-37"/>
      </symbol>
      <symbol id="sm-a46">
         <name>__TI_auto_init</name>
         <value>0x66a9</value>
         <object_component_ref idref="oc-32"/>
      </symbol>
      <symbol id="sm-a5f">
         <name>copy_in</name>
         <value>0x6c55</value>
         <object_component_ref idref="oc-74"/>
      </symbol>
      <symbol id="sm-a67">
         <name>_Errno</name>
         <value>0x2000147c</value>
         <object_component_ref idref="oc-3c0"/>
      </symbol>
      <symbol id="sm-a85">
         <name>feraiseexcept</name>
         <value>0x6f6d</value>
         <object_component_ref idref="oc-3ba"/>
      </symbol>
      <symbol id="sm-a86">
         <name>_Tls_setup__Fenv</name>
         <value>0x20001478</value>
         <object_component_ref idref="oc-41c"/>
      </symbol>
      <symbol id="sm-a87">
         <name>_Fenv</name>
         <value>0x20001474</value>
         <object_component_ref idref="oc-41c"/>
      </symbol>
      <symbol id="sm-aa7">
         <name>fmod</name>
         <value>0x5559</value>
         <object_component_ref idref="oc-326"/>
      </symbol>
      <symbol id="sm-ab4">
         <name>log</name>
         <value>0x7173</value>
         <object_component_ref idref="oc-390"/>
      </symbol>
      <symbol id="sm-ac8">
         <name>raise</name>
         <value>0x702d</value>
         <object_component_ref idref="oc-416"/>
      </symbol>
      <symbol id="sm-ae2">
         <name>signal</name>
         <value>0x6da9</value>
         <object_component_ref idref="oc-442"/>
      </symbol>
      <symbol id="sm-af7">
         <name>_Dnorm</name>
         <value>0x626d</value>
         <object_component_ref idref="oc-3c4"/>
      </symbol>
      <symbol id="sm-b27">
         <name>_Log</name>
         <value>0x3f1d</value>
         <object_component_ref idref="oc-3fd"/>
      </symbol>
      <symbol id="sm-b36">
         <name>_FZero</name>
         <value>0x20001404</value>
         <object_component_ref idref="oc-434"/>
      </symbol>
      <symbol id="sm-b37">
         <name>_FRteps</name>
         <value>0x200013f0</value>
         <object_component_ref idref="oc-434"/>
      </symbol>
      <symbol id="sm-b38">
         <name>_FSnan</name>
         <value>0x200013e0</value>
         <object_component_ref idref="oc-434"/>
      </symbol>
      <symbol id="sm-b39">
         <name>_FNan</name>
         <value>0x200013d0</value>
         <object_component_ref idref="oc-434"/>
      </symbol>
      <symbol id="sm-b3a">
         <name>_FInf</name>
         <value>0x200013c0</value>
         <object_component_ref idref="oc-434"/>
      </symbol>
      <symbol id="sm-b3b">
         <name>_FEps</name>
         <value>0x200013b0</value>
         <object_component_ref idref="oc-434"/>
      </symbol>
      <symbol id="sm-b3c">
         <name>_FXbig</name>
         <value>0x20001400</value>
         <object_component_ref idref="oc-434"/>
      </symbol>
      <symbol id="sm-b3d">
         <name>_FDenorm</name>
         <value>0x200013a0</value>
         <object_component_ref idref="oc-434"/>
      </symbol>
      <symbol id="sm-b3e">
         <name>__TI_static_base__</name>
         <value>0x0</value>
      </symbol>
      <symbol id="sm-b3f">
         <name>__TI_args_main</name>
         <value>0x1</value>
      </symbol>
      <symbol id="sm-b40">
         <name>SHT$$INIT_ARRAY$$Limit</name>
         <value>0x0</value>
      </symbol>
      <symbol id="sm-b41">
         <name>SHT$$INIT_ARRAY$$Base</name>
         <value>0x0</value>
      </symbol>
   </symbol_table>
   <title>Link successful</title>
</link_info>
